// Vitest Snapshot v1, https://vitest.dev/guide/snapshot.html

exports[`Aside > matches snapshot 1`] = `
<div>
  <aside
    class="aside"
    role="complementary"
  >
    <ul>
      <li>
        <p>
          <strong>
            Developed:
          </strong>
        </p>
        <p>
          2022-2025
        </p>
      </li>
      <li>
        <p>
          <strong>
            Showcasing
          </strong>
        </p>
        <p>
          React, Javascript, CSS, Supabase, Toastify, Font Awesome, Formik, Bruno
        </p>
      </li>
      <li>
        <p>
          <strong>
            Developed by:
          </strong>
        </p>
        <p>
          Scott Stella
        </p>
      </li>
    </ul>
  </aside>
</div>
`;
