// Vitest Snapshot v1, https://vitest.dev/guide/snapshot.html

exports[`Footer > matches snapshot 1`] = `
<div
  class="footer"
>
  <p>
    Copyright 2024 stella.ws
  </p>
</div>
`;
