// Vitest Snapshot v1, https://vitest.dev/guide/snapshot.html

exports[`Header > matches snapshot 1`] = `
<div
  class="header"
>
  <div
    class="header-left"
  >
    <a
      aria-current="page"
      class="active"
      data-discover="true"
      href="/"
    >
      <img
        alt="hearthstone-banner"
        class="header-logo"
        src="/src/assets/images/hearthstone-banner.png"
      />
    </a>
    <h1>
      Deck Tracker
    </h1>
  </div>
  <div
    class="header-right"
  >
    <div
      class="auth-container"
    >
      <svg
        aria-hidden="true"
        class="svg-inline--fa fa-spinner fa-spin auth-spinner"
        data-icon="spinner"
        data-prefix="fas"
        focusable="false"
        role="img"
        viewBox="0 0 512 512"
        xmlns="http://www.w3.org/2000/svg"
      >
        <path
          d="M304 48a48 48 0 1 0 -96 0 48 48 0 1 0 96 0zm0 416a48 48 0 1 0 -96 0 48 48 0 1 0 96 0zM48 304a48 48 0 1 0 0-96 48 48 0 1 0 0 96zm464-48a48 48 0 1 0 -96 0 48 48 0 1 0 96 0zM142.9 437A48 48 0 1 0 75 369.1 48 48 0 1 0 142.9 437zm0-294.2A48 48 0 1 0 75 75a48 48 0 1 0 67.9 67.9zM369.1 437A48 48 0 1 0 437 369.1 48 48 0 1 0 369.1 437z"
          fill="currentColor"
        />
      </svg>
    </div>
  </div>
</div>
`;
